2026-07-14 09:10:15,002 INFO [POS API] Health check passed
2026-07-14 09:12:03,441 ERROR [POS API] SQL connection timeout
2026-07-14 09:13:20,567 DEBUG [Payment API] Cache hit for pricing lookup
2026-07-14 09:14:41,118 ERROR [Payment API] SQL connection timeout after 30000ms
2026-07-14 09:18:55,304 INFO [Order Service] Order #48213 created successfully
2026-07-14 09:20:07,933 CRITICAL [Order Service] Deadlock found when trying to get lock; try restarting transaction
2026-07-14 09:23:10,712 DEBUG [Inventory Service] Refreshing stock cache for warehouse WH-04
2026-07-14 09:25:52,204 ERROR [Inventory Service] Query execution timeout after 30000ms on table 'stock_levels'
2026-07-14 09:29:33,860 INFO [Reporting Service] Nightly report generated in 4.2s
2026-07-14 09:31:19,077 ERROR [Reporting Service] Too many connections to MySQL server
2026-07-14 09:36:02,441 INFO [API Gateway] Request routed to payment-api in 82ms
2026-07-14 09:38:44,650 ERROR [API Gateway] Connection refused: upstream service unreachable at payment-api.internal:8443
2026-07-14 09:40:12,190 DEBUG [Notification Service] Queued email to customer #9931
2026-07-14 09:41:02,915 CRITICAL [Notification Service] DNS resolution failed for host smtp.relay.internal after 3 retries
2026-07-14 09:44:58,207 INFO [CDN Service] Cache warmed for region ap-southeast-1
2026-07-14 09:45:30,112 ERROR [CDN Service] Connection reset by peer while streaming asset bundle
2026-07-14 09:47:12,330 INFO [Auth Service] User 8823 logged in successfully
2026-07-14 09:48:05,881 ERROR [Auth Service] JWT signature verification failed for token issued by legacy-auth-v1
2026-07-14 09:50:41,209 DEBUG [Search Service] Elasticsearch query completed in 112ms
2026-07-14 09:52:18,477 CRITICAL [Search Service] Elasticsearch cluster status RED: 3 primary shards unassigned
2026-07-14 09:54:03,662 INFO [Cart Service] Cart #55210 updated with 2 items
2026-07-14 09:55:47,915 ERROR [Cart Service] Redis connection pool exhausted: max 50 connections reached
2026-07-14 09:58:22,140 DEBUG [Shipping Service] Rate calculation cache miss for zone JP-13
2026-07-14 10:00:09,533 ERROR [Shipping Service] Third-party carrier API returned 503 Service Unavailable
2026-07-14 10:02:47,801 INFO [Warehouse Service] Stock sync completed for warehouse WH-02
